<?xml version="1.0" encoding="UTF-8"?>
<testsuites name="jest tests" tests="1" failures="0" errors="0" time="0.704">
  <testsuite name="undefined" errors="0" failures="0" skipped="0" timestamp="2023-05-22T20:54:42" time="0.541" tests="1">
    <testcase classname=" renders login form" name=" renders login form" time="0.035">
    </testcase>
  </testsuite>
</testsuites>